<?xml version="1.0" encoding="UTF-8"?>
<testsuites name="jest tests" tests="4" failures="0" time="2.516">
  <testsuite name="undefined" errors="0" failures="0" skipped="0" timestamp="2023-12-22T13:13:39" time="1.919" tests="4">
    <testcase classname=" calls getStudyId and getNomePaciente on component mount" name=" calls getStudyId and getNomePaciente on component mount" time="0.077">
    </testcase>
    <testcase classname=" calls saveObservation when save button is clicked" name=" calls saveObservation when save button is clicked" time="0.081">
    </testcase>
    <testcase classname="DiseaseObservationComponent renders correctly" name="DiseaseObservationComponent renders correctly" time="0.02">
    </testcase>
    <testcase classname=" Send a console.error when there is no studyId." name=" Send a console.error when there is no studyId." time="0.012">
    </testcase>
  </testsuite>
</testsuites>